[cloudera@quickstart ~]$ hive

Logging initialized using configuration in file:/etc/hive/conf.dist/hive-log4j.properties
WARNING: Hive CLI is deprecated and migration to Beeline is recommended.
hive> create database mydb1;
OK
Time taken: 9.732 seconds
hive> use mydb1;
OK
Time taken: 0.43 seconds
hive> create table flight;
FAILED: SemanticException [Error 10043]: Either list of columns or a custom serializer should be specified
hive> create table flight(int fno, int year, varchar(10) dest);
NoViableAltException(26@[])
	at org.apache.hadoop.hive.ql.parse.HiveParser.type(HiveParser.java:39101)
	at org.apache.hadoop.hive.ql.parse.HiveParser.colType(HiveParser.java:38866)
	at org.apache.hadoop.hive.ql.parse.HiveParser.columnNameType(HiveParser.java:38566)
	at org.apache.hadoop.hive.ql.parse.HiveParser.columnNameTypeList(HiveParser.java:36761)
	at org.apache.hadoop.hive.ql.parse.HiveParser.createTableStatement(HiveParser.java:5057)
	at org.apache.hadoop.hive.ql.parse.HiveParser.ddlStatement(HiveParser.java:2557)
	at org.apache.hadoop.hive.ql.parse.HiveParser.execStatement(HiveParser.java:1589)
	at org.apache.hadoop.hive.ql.parse.HiveParser.statement(HiveParser.java:1065)
	at org.apache.hadoop.hive.ql.parse.ParseDriver.parse(ParseDriver.java:201)
	at org.apache.hadoop.hive.ql.parse.ParseDriver.parse(ParseDriver.java:166)
	at org.apache.hadoop.hive.ql.Driver.compile(Driver.java:522)
	at org.apache.hadoop.hive.ql.Driver.compileInternal(Driver.java:1356)
	at org.apache.hadoop.hive.ql.Driver.runInternal(Driver.java:1473)
	at org.apache.hadoop.hive.ql.Driver.run(Driver.java:1285)
	at org.apache.hadoop.hive.ql.Driver.run(Driver.java:1275)
	at org.apache.hadoop.hive.cli.CliDriver.processLocalCmd(CliDriver.java:220)
	at org.apache.hadoop.hive.cli.CliDriver.processCmd(CliDriver.java:172)
	at org.apache.hadoop.hive.cli.CliDriver.processLine(CliDriver.java:383)
	at org.apache.hadoop.hive.cli.CliDriver.executeDriver(CliDriver.java:775)
	at org.apache.hadoop.hive.cli.CliDriver.run(CliDriver.java:693)
	at org.apache.hadoop.hive.cli.CliDriver.main(CliDriver.java:628)
	at sun.reflect.NativeMethodAccessorImpl.invoke0(Native Method)
	at sun.reflect.NativeMethodAccessorImpl.invoke(NativeMethodAccessorImpl.java:57)
	at sun.reflect.DelegatingMethodAccessorImpl.invoke(DelegatingMethodAccessorImpl.java:43)
	at java.lang.reflect.Method.invoke(Method.java:606)
	at org.apache.hadoop.util.RunJar.run(RunJar.java:221)
	at org.apache.hadoop.util.RunJar.main(RunJar.java:136)
FAILED: ParseException line 1:24 cannot recognize input near 'fno' ',' 'int' in column type
hive> create table flight(int fno,int year,varchar(10) dest);
NoViableAltException(26@[])
	at org.apache.hadoop.hive.ql.parse.HiveParser.type(HiveParser.java:39101)
	at org.apache.hadoop.hive.ql.parse.HiveParser.colType(HiveParser.java:38866)
	at org.apache.hadoop.hive.ql.parse.HiveParser.columnNameType(HiveParser.java:38566)
	at org.apache.hadoop.hive.ql.parse.HiveParser.columnNameTypeList(HiveParser.java:36761)
	at org.apache.hadoop.hive.ql.parse.HiveParser.createTableStatement(HiveParser.java:5057)
	at org.apache.hadoop.hive.ql.parse.HiveParser.ddlStatement(HiveParser.java:2557)
	at org.apache.hadoop.hive.ql.parse.HiveParser.execStatement(HiveParser.java:1589)
	at org.apache.hadoop.hive.ql.parse.HiveParser.statement(HiveParser.java:1065)
	at org.apache.hadoop.hive.ql.parse.ParseDriver.parse(ParseDriver.java:201)
	at org.apache.hadoop.hive.ql.parse.ParseDriver.parse(ParseDriver.java:166)
	at org.apache.hadoop.hive.ql.Driver.compile(Driver.java:522)
	at org.apache.hadoop.hive.ql.Driver.compileInternal(Driver.java:1356)
	at org.apache.hadoop.hive.ql.Driver.runInternal(Driver.java:1473)
	at org.apache.hadoop.hive.ql.Driver.run(Driver.java:1285)
	at org.apache.hadoop.hive.ql.Driver.run(Driver.java:1275)
	at org.apache.hadoop.hive.cli.CliDriver.processLocalCmd(CliDriver.java:220)
	at org.apache.hadoop.hive.cli.CliDriver.processCmd(CliDriver.java:172)
	at org.apache.hadoop.hive.cli.CliDriver.processLine(CliDriver.java:383)
	at org.apache.hadoop.hive.cli.CliDriver.executeDriver(CliDriver.java:775)
	at org.apache.hadoop.hive.cli.CliDriver.run(CliDriver.java:693)
	at org.apache.hadoop.hive.cli.CliDriver.main(CliDriver.java:628)
	at sun.reflect.NativeMethodAccessorImpl.invoke0(Native Method)
	at sun.reflect.NativeMethodAccessorImpl.invoke(NativeMethodAccessorImpl.java:57)
	at sun.reflect.DelegatingMethodAccessorImpl.invoke(DelegatingMethodAccessorImpl.java:43)
	at java.lang.reflect.Method.invoke(Method.java:606)
	at org.apache.hadoop.util.RunJar.run(RunJar.java:221)
	at org.apache.hadoop.util.RunJar.main(RunJar.java:136)
FAILED: ParseException line 1:24 cannot recognize input near 'fno' ',' 'int' in column type
hive> create table flight(fno int, year int, dest varchar(10),delay int);
OK
Time taken: 3.676 seconds
hive> alter table flight rename air_flight;
NoViableAltException(210@[])
	at org.apache.hadoop.hive.ql.parse.HiveParser.alterTableStatementSuffix(HiveParser.java:7748)
	at org.apache.hadoop.hive.ql.parse.HiveParser.alterStatement(HiveParser.java:7190)
	at org.apache.hadoop.hive.ql.parse.HiveParser.ddlStatement(HiveParser.java:2602)
	at org.apache.hadoop.hive.ql.parse.HiveParser.execStatement(HiveParser.java:1589)
	at org.apache.hadoop.hive.ql.parse.HiveParser.statement(HiveParser.java:1065)
	at org.apache.hadoop.hive.ql.parse.ParseDriver.parse(ParseDriver.java:201)
	at org.apache.hadoop.hive.ql.parse.ParseDriver.parse(ParseDriver.java:166)
	at org.apache.hadoop.hive.ql.Driver.compile(Driver.java:522)
	at org.apache.hadoop.hive.ql.Driver.compileInternal(Driver.java:1356)
	at org.apache.hadoop.hive.ql.Driver.runInternal(Driver.java:1473)
	at org.apache.hadoop.hive.ql.Driver.run(Driver.java:1285)
	at org.apache.hadoop.hive.ql.Driver.run(Driver.java:1275)
	at org.apache.hadoop.hive.cli.CliDriver.processLocalCmd(CliDriver.java:220)
	at org.apache.hadoop.hive.cli.CliDriver.processCmd(CliDriver.java:172)
	at org.apache.hadoop.hive.cli.CliDriver.processLine(CliDriver.java:383)
	at org.apache.hadoop.hive.cli.CliDriver.executeDriver(CliDriver.java:775)
	at org.apache.hadoop.hive.cli.CliDriver.run(CliDriver.java:693)
	at org.apache.hadoop.hive.cli.CliDriver.main(CliDriver.java:628)
	at sun.reflect.NativeMethodAccessorImpl.invoke0(Native Method)
	at sun.reflect.NativeMethodAccessorImpl.invoke(NativeMethodAccessorImpl.java:57)
	at sun.reflect.DelegatingMethodAccessorImpl.invoke(DelegatingMethodAccessorImpl.java:43)
	at java.lang.reflect.Method.invoke(Method.java:606)
	at org.apache.hadoop.util.RunJar.run(RunJar.java:221)
	at org.apache.hadoop.util.RunJar.main(RunJar.java:136)
FAILED: ParseException line 1:19 cannot recognize input near 'rename' 'air_flight' '<EOF>' in alter table statement
hive> alter table flight rename to air_flight;
OK
Time taken: 2.832 seconds
hive> alter table air_flight add columns(source varchar(10));
OK
Time taken: 1.108 seconds
hive> drop table flight;
OK
Time taken: 0.688 seconds
hive> create table flight(fno int, year int, dest varchar(10),delay float)
    > row format delimited
    > fields terminated by ','
    > lines terminated by '\n'
    > stored as textfile;
OK
Time taken: 0.611 seconds
hive> insert into flight values(11,2003,Pune,12.0);
FAILED: SemanticException [Error 10293]: Unable to create temp file for insert values Expression of type TOK_TABLE_OR_COL not supported in insert/values
hive> insert into flight values(11,2003,"Pune",12.0);
Query ID = cloudera_20240427020202_2fa86cae-c456-46ec-b13d-5cd7d5568f1e
Total jobs = 3
Launching Job 1 out of 3
Number of reduce tasks is set to 0 since there's no reduce operator
Starting Job = job_1712985487142_0002, Tracking URL = http://quickstart.cloudera:8088/proxy/application_1712985487142_0002/
Kill Command = /usr/lib/hadoop/bin/hadoop job  -kill job_1712985487142_0002
Hadoop job information for Stage-1: number of mappers: 1; number of reducers: 0
2024-04-27 02:05:18,606 Stage-1 map = 0%,  reduce = 0%
2024-04-27 02:06:19,121 Stage-1 map = 0%,  reduce = 0%
2024-04-27 02:07:07,866 Stage-1 map = 100%,  reduce = 0%, Cumulative CPU 7.72 sec
MapReduce Total cumulative CPU time: 9 seconds 130 msec
Ended Job = job_1712985487142_0002
Stage-4 is selected by condition resolver.
Stage-3 is filtered out by condition resolver.
Stage-5 is filtered out by condition resolver.
Moving data to: hdfs://quickstart.cloudera:8020/user/hive/warehouse/mydb1.db/flight/.hive-staging_hive_2024-04-27_02-02-19_912_593881258291954385-1/-ext-10000
Loading data to table mydb1.flight
Table mydb1.flight stats: [numFiles=1, numRows=1, totalSize=18, rawDataSize=17]
MapReduce Jobs Launched: 
Stage-Stage-1: Map: 1   Cumulative CPU: 9.13 sec   HDFS Read: 4026 HDFS Write: 86 SUCCESS
Total MapReduce CPU Time Spent: 9 seconds 130 msec
OK
Time taken: 297.252 seconds
hive> insert into flight values(19,2103,"Parbhani",19.4);
Query ID = cloudera_20240427020909_b3502b20-0ddb-4284-9eac-ad325089545b
Total jobs = 3
Launching Job 1 out of 3
Number of reduce tasks is set to 0 since there's no reduce operator
Starting Job = job_1712985487142_0003, Tracking URL = http://quickstart.cloudera:8088/proxy/application_1712985487142_0003/
Kill Command = /usr/lib/hadoop/bin/hadoop job  -kill job_1712985487142_0003
Hadoop job information for Stage-1: number of mappers: 1; number of reducers: 0
2024-04-27 02:11:12,810 Stage-1 map = 0%,  reduce = 0%
2024-04-27 02:12:13,099 Stage-1 map = 0%,  reduce = 0%
2024-04-27 02:12:41,976 Stage-1 map = 100%,  reduce = 0%, Cumulative CPU 9.81 sec
MapReduce Total cumulative CPU time: 9 seconds 810 msec
Ended Job = job_1712985487142_0003
Stage-4 is selected by condition resolver.
Stage-3 is filtered out by condition resolver.
Stage-5 is filtered out by condition resolver.
Moving data to: hdfs://quickstart.cloudera:8020/user/hive/warehouse/mydb1.db/flight/.hive-staging_hive_2024-04-27_02-09-32_610_6096551684295159452-1/-ext-10000
Loading data to table mydb1.flight
Table mydb1.flight stats: [numFiles=2, numRows=2, totalSize=40, rawDataSize=38]
MapReduce Jobs Launched: 
Stage-Stage-1: Map: 1   Cumulative CPU: 9.81 sec   HDFS Read: 4137 HDFS Write: 90 SUCCESS
Total MapReduce CPU Time Spent: 9 seconds 810 msec
OK
Time taken: 194.838 seconds
hive> load data local inpath "f.txt"
    > overwrite into table flight;
FAILED: SemanticException Line 1:23 Invalid path '"f.txt"': No files matching path file:/home/cloudera/f.txt
hive> load data local inpath "f.txt"
    > overwrite into table flight;
FAILED: SemanticException Line 1:23 Invalid path '"f.txt"': No files matching path file:/home/cloudera/f.txt
hive> load data local inpath "f.txt"
    > overwrite into table flight;
Loading data to table mydb1.flight
Table mydb1.flight stats: [numFiles=1, numRows=0, totalSize=81, rawDataSize=0]
OK
Time taken: 2.397 seconds
hive> select* from flight;
OK
13	2008	Latur	13.7
14	1909	Gujrat	78.8
18	2020	Mumbai	56.3
19	2008	Mumbai	NULL
Time taken: 0.603 seconds, Fetched: 4 row(s)
hive> insert into flight values(11,2003,"Pune",12.0);
Query ID = cloudera_20240427022525_f566acc2-6a13-42a8-892d-6625f4c22cfa
Total jobs = 3
Launching Job 1 out of 3
Number of reduce tasks is set to 0 since there's no reduce operator
Starting Job = job_1712985487142_0004, Tracking URL = http://quickstart.cloudera:8088/proxy/application_1712985487142_0004/
Kill Command = /usr/lib/hadoop/bin/hadoop job  -kill job_1712985487142_0004
Hadoop job information for Stage-1: number of mappers: 1; number of reducers: 0
2024-04-27 02:26:47,485 Stage-1 map = 0%,  reduce = 0%
2024-04-27 02:27:47,548 Stage-1 map = 0%,  reduce = 0%
2024-04-27 02:27:57,102 Stage-1 map = 100%,  reduce = 0%, Cumulative CPU 8.87 sec
MapReduce Total cumulative CPU time: 8 seconds 870 msec
Ended Job = job_1712985487142_0004
Stage-4 is selected by condition resolver.
Stage-3 is filtered out by condition resolver.
Stage-5 is filtered out by condition resolver.
Moving data to: hdfs://quickstart.cloudera:8020/user/hive/warehouse/mydb1.db/flight/.hive-staging_hive_2024-04-27_02-25-25_123_449989160983560742-1/-ext-10000
Loading data to table mydb1.flight
Table mydb1.flight stats: [numFiles=2, numRows=1, totalSize=99, rawDataSize=17]
MapReduce Jobs Launched: 
Stage-Stage-1: Map: 1   Cumulative CPU: 8.87 sec   HDFS Read: 4130 HDFS Write: 86 SUCCESS
Total MapReduce CPU Time Spent: 8 seconds 870 msec
OK
Time taken: 156.041 seconds
hive> select* from flight;
OK
11	2003	Pune	12.0
13	2008	Latur	13.7
14	1909	Gujrat	78.8
18	2020	Mumbai	56.3
19	2008	Mumbai	NULL
Time taken: 0.471 seconds, Fetched: 5 row(s)
hive> create table nflight(fno int,year int,source varchar(10))
    > row format delimited
    > fields terminated by ','
    > lines terminated by '\n'
    > stored as textfile;
OK
Time taken: 0.538 seconds
hive> select* from nflight;
OK
Time taken: 0.36 seconds
hive> insert into nflight values(11,2003,"Mumbai"),
    > (13,2008,"Pune"),
    > (19,2008,"Latur");
Query ID = cloudera_20240427023737_f6833712-ad60-4ab5-af43-3678ac47d5c6
Total jobs = 3
Launching Job 1 out of 3
Number of reduce tasks is set to 0 since there's no reduce operator
Starting Job = job_1712985487142_0005, Tracking URL = http://quickstart.cloudera:8088/proxy/application_1712985487142_0005/
Kill Command = /usr/lib/hadoop/bin/hadoop job  -kill job_1712985487142_0005
Hadoop job information for Stage-1: number of mappers: 1; number of reducers: 0
2024-04-27 02:38:44,244 Stage-1 map = 0%,  reduce = 0%
2024-04-27 02:39:44,410 Stage-1 map = 0%,  reduce = 0%
2024-04-27 02:39:49,234 Stage-1 map = 100%,  reduce = 0%, Cumulative CPU 8.0 sec
MapReduce Total cumulative CPU time: 8 seconds 900 msec
Ended Job = job_1712985487142_0005
Stage-4 is selected by condition resolver.
Stage-3 is filtered out by condition resolver.
Stage-5 is filtered out by condition resolver.
Moving data to: hdfs://quickstart.cloudera:8020/user/hive/warehouse/mydb1.db/nflight/.hive-staging_hive_2024-04-27_02-37-31_144_6337570847553282829-1/-ext-10000
Loading data to table mydb1.nflight
Table mydb1.nflight stats: [numFiles=1, numRows=3, totalSize=42, rawDataSize=39]
MapReduce Jobs Launched: 
Stage-Stage-1: Map: 1   Cumulative CPU: 8.9 sec   HDFS Read: 3908 HDFS Write: 111 SUCCESS
Total MapReduce CPU Time Spent: 8 seconds 900 msec
OK
Time taken: 144.586 seconds
hive> select * from nflight;
OK
11	2003	Mumbai
13	2008	Pune
19	2008	Latur
Time taken: 0.614 seconds, Fetched: 3 row(s)
hive> select * from flight;
OK
11	2003	Pune	12.0
13	2008	Latur	13.7
14	1909	Gujrat	78.8
18	2020	Mumbai	56.3
19	2008	Mumbai	NULL
Time taken: 0.38 seconds, Fetched: 5 row(s)
hive> select a.fno,a.year,a.dest,a.delay,b.source
    > from flight a join nflight b
    > on(a.fno=b.fno);
Query ID = cloudera_20240427024343_c3fa0857-ceef-4c51-8ad5-efc4a80725b9
Total jobs = 1
FAILED: Execution Error, return code 1 from org.apache.hadoop.hive.ql.exec.mr.MapredLocalTask
hive> select a.fno,a.year,a.dest,a.delay,b.source
    > from flight a join nflight b
    > on(a.fno=b.fno);
Query ID = cloudera_20240427024545_7580e969-4b5f-4fb4-ac6c-b81f579e955a
Total jobs = 1
FAILED: Execution Error, return code 1 from org.apache.hadoop.hive.ql.exec.mr.MapredLocalTask
hive> select a.fno, a.year, a.dest,a.delay,b.source
    > from flight a join nflight b
    > on(a.fno=b.fno);
Query ID = cloudera_20240427024747_5e2d7afb-813d-47de-83b6-fe0f2dd0e6e2
Total jobs = 1
FAILED: Execution Error, return code 1 from org.apache.hadoop.hive.ql.exec.mr.MapredLocalTask
hive> select a.fno, a.year, a.dest,a.delay,b.source
    > from flight a join nflight b
    > on(a.fno= b.fno);
Query ID = cloudera_20240427024949_19fadade-b20e-48c2-950b-2f42b60274cc
Total jobs = 1
FAILED: Execution Error, return code 1 from org.apache.hadoop.hive.ql.exec.mr.MapredLocalTask
hive> select a.fno, a.year, a.dest,a.delay,b.source
    > from flight a join nflight b
    > on(a.fno= b.fno);
Query ID = cloudera_20240427025656_84f8db67-5a06-431d-b033-f9f2fa7138a9
Total jobs = 1
FAILED: Execution Error, return code 1 from org.apache.hadoop.hive.ql.exec.mr.MapredLocalTask
hive> select a.fno, a.year, a.dest,a.delay,b.source
    > from flight a join nflight b
    > on(a.fno= b.fno)
    > as [cloudera@quickstart ~]$ ^C
[cloudera@quickstart ~]$ ^C
[cloudera@quickstart ~]$ ^C
[cloudera@quickstart ~]$ 



[cloudera@quickstart ~]$ hive

Logging initialized using configuration in file:/etc/hive/conf.dist/hive-log4j.properties
WARNING: Hive CLI is deprecated and migration to Beeline is recommended.
hive> use mydb1;
OK
Time taken: 3.925 seconds
hive> show tables
    > ;
OK
air_flight
flight
nflight
Time taken: 3.799 seconds, Fetched: 3 row(s)
hive> select * from flight;
OK
11	2003	Pune	12.0
13	2008	Latur	13.7
14	1909	Gujrat	78.8
18	2020	Mumbai	56.3
19	2008	Mumbai	NULL
Time taken: 5.481 seconds, Fetched: 5 row(s)
hive> select * from nflight;
OK
11	2003	Mumbai
13	2008	Pune
19	2008	Latur
Time taken: 0.588 seconds, Fetched: 3 row(s)
hive> create index index_flight on table(fno)
    > as 'org.apache.hadoop.hive.ql.index.compact.CompactIndexHandler'
    > WITH DEFERRED REBUILD;
NoViableAltException(290@[184:1: tableName : (db= identifier DOT tab= identifier -> ^( TOK_TABNAME $db $tab) |tab= identifier -> ^( TOK_TABNAME $tab) );])
	at org.antlr.runtime.DFA.noViableAlt(DFA.java:158)
	at org.antlr.runtime.DFA.predict(DFA.java:144)
	at org.apache.hadoop.hive.ql.parse.HiveParser_FromClauseParser.tableName(HiveParser_FromClauseParser.java:4692)
	at org.apache.hadoop.hive.ql.parse.HiveParser.tableName(HiveParser.java:45003)
	at org.apache.hadoop.hive.ql.parse.HiveParser.createIndexStatement(HiveParser.java:5751)
	at org.apache.hadoop.hive.ql.parse.HiveParser.ddlStatement(HiveParser.java:2722)
	at org.apache.hadoop.hive.ql.parse.HiveParser.execStatement(HiveParser.java:1589)
	at org.apache.hadoop.hive.ql.parse.HiveParser.statement(HiveParser.java:1065)
	at org.apache.hadoop.hive.ql.parse.ParseDriver.parse(ParseDriver.java:201)
	at org.apache.hadoop.hive.ql.parse.ParseDriver.parse(ParseDriver.java:166)
	at org.apache.hadoop.hive.ql.Driver.compile(Driver.java:522)
	at org.apache.hadoop.hive.ql.Driver.compileInternal(Driver.java:1356)
	at org.apache.hadoop.hive.ql.Driver.runInternal(Driver.java:1473)
	at org.apache.hadoop.hive.ql.Driver.run(Driver.java:1285)
	at org.apache.hadoop.hive.ql.Driver.run(Driver.java:1275)
	at org.apache.hadoop.hive.cli.CliDriver.processLocalCmd(CliDriver.java:220)
	at org.apache.hadoop.hive.cli.CliDriver.processCmd(CliDriver.java:172)
	at org.apache.hadoop.hive.cli.CliDriver.processLine(CliDriver.java:383)
	at org.apache.hadoop.hive.cli.CliDriver.executeDriver(CliDriver.java:775)
	at org.apache.hadoop.hive.cli.CliDriver.run(CliDriver.java:693)
	at org.apache.hadoop.hive.cli.CliDriver.main(CliDriver.java:628)
	at sun.reflect.NativeMethodAccessorImpl.invoke0(Native Method)
	at sun.reflect.NativeMethodAccessorImpl.invoke(NativeMethodAccessorImpl.java:57)
	at sun.reflect.DelegatingMethodAccessorImpl.invoke(DelegatingMethodAccessorImpl.java:43)
	at java.lang.reflect.Method.invoke(Method.java:606)
	at org.apache.hadoop.util.RunJar.run(RunJar.java:221)
	at org.apache.hadoop.util.RunJar.main(RunJar.java:136)
FAILED: ParseException line 1:34 cannot recognize input near '(' 'fno' ')' in table name
hive> flight desc;
NoViableAltException(26@[])
	at org.apache.hadoop.hive.ql.parse.HiveParser.statement(HiveParser.java:1028)
	at org.apache.hadoop.hive.ql.parse.ParseDriver.parse(ParseDriver.java:201)
	at org.apache.hadoop.hive.ql.parse.ParseDriver.parse(ParseDriver.java:166)
	at org.apache.hadoop.hive.ql.Driver.compile(Driver.java:522)
	at org.apache.hadoop.hive.ql.Driver.compileInternal(Driver.java:1356)
	at org.apache.hadoop.hive.ql.Driver.runInternal(Driver.java:1473)
	at org.apache.hadoop.hive.ql.Driver.run(Driver.java:1285)
	at org.apache.hadoop.hive.ql.Driver.run(Driver.java:1275)
	at org.apache.hadoop.hive.cli.CliDriver.processLocalCmd(CliDriver.java:220)
	at org.apache.hadoop.hive.cli.CliDriver.processCmd(CliDriver.java:172)
	at org.apache.hadoop.hive.cli.CliDriver.processLine(CliDriver.java:383)
	at org.apache.hadoop.hive.cli.CliDriver.executeDriver(CliDriver.java:775)
	at org.apache.hadoop.hive.cli.CliDriver.run(CliDriver.java:693)
	at org.apache.hadoop.hive.cli.CliDriver.main(CliDriver.java:628)
	at sun.reflect.NativeMethodAccessorImpl.invoke0(Native Method)
	at sun.reflect.NativeMethodAccessorImpl.invoke(NativeMethodAccessorImpl.java:57)
	at sun.reflect.DelegatingMethodAccessorImpl.invoke(DelegatingMethodAccessorImpl.java:43)
	at java.lang.reflect.Method.invoke(Method.java:606)
	at org.apache.hadoop.util.RunJar.run(RunJar.java:221)
	at org.apache.hadoop.util.RunJar.main(RunJar.java:136)
FAILED: ParseException line 1:0 cannot recognize input near 'flight' 'desc' '<EOF>'
hive> desc flight;
OK
fno                 	int                 	                    
year                	int                 	                    
dest                	varchar(10)         	                    
delay               	float               	                    
Time taken: 0.636 seconds, Fetched: 4 row(s)
hive> desc nflight;
OK
fno                 	int                 	                    
year                	int                 	                    
source              	varchar(10)         	                    
Time taken: 0.628 seconds, Fetched: 3 row(s)
hive> create index index_flight on table flight(fno)
    > as 'org.apache.hadoop.hive.ql.index.compact.CompactIndexHandler'
    > WITH DEFERRED REBUILD;
OK
Time taken: 4.186 seconds
hive> show tables
    > ;
OK
air_flight
flight
mydb1__flight_index_flight__
nflight
Time taken: 0.18 seconds, Fetched: 4 row(s)
hive> select * from index_flight;
FAILED: SemanticException [Error 10001]: Line 1:14 Table not found 'index_flight'
hive> select a.fno,a.year,a.dest,a.delay,b.source
    > from flight a join nflight b
    > on(a.fno=b.fno);
Query ID = cloudera_20240427031010_cf399640-3766-43da-8f20-463f4d67a9c6
Total jobs = 1
FAILED: Execution Error, return code 1 from org.apache.hadoop.hive.ql.exec.mr.MapredLocalTask
hive> select a.fno, a.dest,b.source
    > from flight a join nflight b
    > on(a.fno=b.fno);
Query ID = cloudera_20240427031111_39688e42-ba99-46c2-ac86-928f22613338
Total jobs = 1
FAILED: Execution Error, return code 1 from org.apache.hadoop.hive.ql.exec.mr.MapredLocalTask
hive> select a.fno,b.source
    > from flight a join nflight b
    > on(a.fno=b.fno);
Query ID = cloudera_20240427031515_5a9697af-59c9-4aad-ab50-039c3d492577
Total jobs = 1
FAILED: Execution Error, return code 1 from org.apache.hadoop.hive.ql.exec.mr.MapredLocalTask
hive> 

